// Vitest Snapshot v1

exports[`BaseButton.vue > is correctly rendered 1`] = `"<button class=\\"btn btn--primary\\" disbaled=\\"false\\">Button</button>"`;
