// Vitest Snapshot v1

exports[`Button.vue > is correctly rendered 1`] = `"<button class=\\"btn btn--primary\\" disbaled=\\"false\\" color=\\"white\\">Button</button>"`;
