// Vitest Snapshot v1

exports[`Timer.vue > is correctly rendered 1`] = `"<div class=\\"timer\\">0:01</div>"`;
